[33mÔØ»[39m Building...
[32mÔ£ö[39m Building...
[35mBrowser bundles[39m      
[1mInitial chunk files[22m  [2m | [22m[1mNames[22m           [2m | [22m [1mRaw size[22m[2m | [22m[1mEstimated transfer size[22m
[32mmain-JFCLPULI.js[39m     [2m | [22m[2mmain[22m            [2m | [22m[36m230.02 kB[39m[2m | [22m               [36m62.95 kB[39m
[32mpolyfills-B6TNHZQ6.js[39m[2m | [22m[2mpolyfills[22m       [2m | [22m [36m34.58 kB[39m[2m | [22m               [36m11.32 kB[39m
[32mstyles-5INURTSO.css[39m  [2m | [22m[2mstyles[22m          [2m | [22m  [36m0 bytes[39m[2m | [22m                [36m0 bytes[39m

[1m [22m                    [2m | [22m[1mInitial total[22m   [2m | [22m[1m264.60 kB[22m[2m | [22m               [1m74.27 kB[22m


[35mServer bundles[39m       
[1mInitial chunk files[22m  [2m | [22m[1mNames[22m           [2m | [22m [1mRaw size[22m
[32mserver.mjs[39m           [2m | [22m[2mserver[22m          [2m | [22m  [36m1.33 MB[39m[2m | [22m                       
[32mmain.server.mjs[39m      [2m | [22m[2mmain.server[22m     [2m | [22m[36m673.35 kB[39m[2m | [22m                       
[32mpolyfills.server.mjs[39m [2m | [22m[2mpolyfills.server[22m[2m | [22m[36m266.08 kB[39m[2m | [22m                       
[32mchunk-X2SEQXRR.mjs[39m   [2m | [22m[2m-[22m               [2m | [22m  [36m2.41 kB[39m[2m | [22m                       
[32mchunk-GFUZYSQG.mjs[39m   [2m | [22m[2m-[22m               [2m | [22m  [36m1.24 kB[39m[2m | [22m                       

[1mLazy chunk files[22m     [2m | [22m[1mNames[22m           [2m | [22m [1mRaw size[22m
[32mchunk-EJSJJTUO.mjs[39m   [2m | [22m[2mxhr2[22m            [2m | [22m [36m12.14 kB[39m[2m | [22m                       
[32mchunk-TNO4MGIL.mjs[39m   [2m | [22m[2mxhr2[22m            [2m | [22m [36m12.07 kB[39m[2m | [22m                       

[35mPrerendered 0 static routes.[39m
Application bundle generation failed. [12.550 seconds]

